*** Error in `/home/sferdou/Multi-RandGreedi/job_submission/../build/apps/mpi_hello': free(): invalid pointer: 0x000000000267d190 ***
======= Backtrace: =========
/lib64/libc.so.6(+0x81299)[0x2ab29e8e6299]
/usr/lib64/slurm/libslurmfull.so(slurm_xfree+0x1d)[0x2ab2a33dafc8]
/usr/lib64/slurm/libslurmfull.so(slurm_s_p_hashtbl_destroy+0x1c0)[0x2ab2a331e3e1]
/usr/lib64/slurm/libslurmfull.so(+0xd56fd)[0x2ab2a332c6fd]
/usr/lib64/slurm/libslurmfull.so(+0xc7d57)[0x2ab2a331ed57]
/usr/lib64/slurm/libslurmfull.so(+0xc80fa)[0x2ab2a331f0fa]
/usr/lib64/slurm/libslurmfull.so(s_p_parse_file+0x768)[0x2ab2a33204bc]
/usr/lib64/slurm/libslurmfull.so(+0xda21b)[0x2ab2a333121b]
/usr/lib64/slurm/libslurmfull.so(slurm_conf_lock+0x5a)[0x2ab2a3337027]
/usr/lib64/slurm/libslurmfull.so(slurm_get_tcp_timeout+0x1e)[0x2ab2a33573e2]
/usr/lib64/slurm/libslurmfull.so(slurm_open_stream+0x27f)[0x2ab2a3392b80]
/usr/lib64/slurm/libslurmfull.so(slurm_open_msg_conn+0xb)[0x2ab2a3359046]
/usr/lib64/slurm/libslurmfull.so(slurm_send_recv_rc_msg_only_one+0x55)[0x2ab2a335bb06]
/usr/lib64/slurm/libslurmfull.so(slurm_send_kvs_comm_set+0x156)[0x2ab2a32b3970]
/lib64/libpmi.so.0(PMI_KVS_Commit+0x2ea)[0x2ab2a093bcd9]
/apps/spack/bell/apps/openmpi/3.1.4-gcc-9.3.0-ic7fdqi/lib/libopen-pal.so.40(+0xee539)[0x2ab29ff82539]
/apps/spack/bell/apps/openmpi/3.1.4-gcc-9.3.0-ic7fdqi/lib/libmpi.so.40(ompi_mpi_init+0x70e)[0x2ab29e2334de]
/apps/spack/bell/apps/openmpi/3.1.4-gcc-9.3.0-ic7fdqi/lib/libmpi.so.40(PMPI_Init+0x5f)[0x2ab29e26288f]
/home/sferdou/Multi-RandGreedi/job_submission/../build/apps/mpi_hello(main+0x31)[0x400a63]
/lib64/libc.so.6(__libc_start_main+0xf5)[0x2ab29e887555]
/home/sferdou/Multi-RandGreedi/job_submission/../build/apps/mpi_hello[0x400989]
======= Memory map: ========
00400000-00401000 r-xp 00000000 00:2b 1818301245                         /home/sferdou/Multi-RandGreedi/build/apps/mpi_hello
00600000-00601000 r-xp 00000000 00:2b 1818301245                         /home/sferdou/Multi-RandGreedi/build/apps/mpi_hello
00601000-00602000 rwxp 00001000 00:2b 1818301245                         /home/sferdou/Multi-RandGreedi/build/apps/mpi_hello
02539000-025ca000 rwxp 00000000 00:00 0                                  [heap]
025ca000-025cb000 rwxp 00000000 00:00 0                                  [heap]
025cb000-025fc000 rwxp 00000000 00:00 0                                  [heap]
025fc000-02601000 rwxp 00000000 00:00 0                                  [heap]
02601000-026a0000 rwxp 00000000 00:00 0                                  [heap]
026a0000-026a1000 rwxp 00000000 00:00 0                                  [heap]
026a1000-02751000 rwxp 00000000 00:00 0                                  [heap]
02751000-02761000 rwxp 00000000 00:00 0                                  [heap]
02761000-02762000 rwxp 00000000 00:00 0                                  [heap]
02762000-02772000 rwxp 00000000 00:00 0                                  [heap]
02772000-02773000 rwxp 00000000 00:00 0                                  [heap]
02773000-02783000 rwxp 00000000 00:00 0                                  [heap]
02783000-02784000 rwxp 00000000 00:00 0                                  [heap]
02784000-02794000 rwxp 00000000 00:00 0                                  [heap]
02794000-02795000 rwxp 00000000 00:00 0                                  [heap]
02795000-027a5000 rwxp 00000000 00:00 0                                  [heap]
027a5000-027a6000 rwxp 00000000 00:00 0                                  [heap]
027a6000-027b6000 rwxp 00000000 00:00 0                                  [heap]
027b6000-027b7000 rwxp 00000000 00:00 0                                  [heap]
027b7000-027c7000 rwxp 00000000 00:00 0                                  [heap]
027c7000-027c8000 rwxp 00000000 00:00 0                                  [heap]
027c8000-027d8000 rwxp 00000000 00:00 0                                  [heap]
027d8000-027d9000 rwxp 00000000 00:00 0                                  [heap]
027d9000-027e1000 rwxp 00000000 00:00 0                                  [heap]
027e1000-027ea000 rwxp 00000000 00:00 0                                  [heap]
027ea000-027f2000 rwxp 00000000 00:00 0                                  [heap]
027f2000-0280a000 rwxp 00000000 00:00 0                                  [heap]
2ab29df9c000-2ab29dfbe000 r-xp 00000000 00:24 78603                      /usr/lib64/ld-2.17.so
2ab29dfbe000-2ab29dfc0000 rwxp 00000000 00:00 0 
2ab29dfc0000-2ab29dfc1000 -w-s 00000000 00:05 35885                      /dev/infiniband/uverbs0
2ab29dfc1000-2ab29dfc2000 -w-s 00001000 00:05 35885                      /dev/infiniband/uverbs0
2ab29dfc2000-2ab29dfc3000 -w-s 00002000 00:05 35885                      /dev/infiniband/uverbs0
2ab29dfc3000-2ab29dfc4000 -w-s 00003000 00:05 35885                      /dev/infiniband/uverbs0
2ab29dfc4000-2ab29dfc5000 -w-s 00004000 00:05 35885                      /dev/infiniband/uverbs0
2ab29dfc5000-2ab29dfc6000 -w-s 00005000 00:05 35885                      /dev/infiniband/uverbs0
2ab29dfc6000-2ab29dfc7000 -w-s 00006000 00:05 35885                      /dev/infiniband/uverbs0
2ab29dfc7000-2ab29dfc8000 -w-s 00007000 00:05 35885                      /dev/infiniband/uverbs0
2ab29dfc8000-2ab29dfc9000 r-xs 00500000 00:05 35885                      /dev/infiniband/uverbs0
2ab29dfc9000-2ab29dfca000 -w-s 00000000 00:05 35885                      /dev/infiniband/uverbs0
2ab29dfca000-2ab29dfcb000 -w-s 00001000 00:05 35885                      /dev/infiniband/uverbs0
2ab29dfcb000-2ab29dfcc000 -w-s 00002000 00:05 35885                      /dev/infiniband/uverbs0
2ab29dfcc000-2ab29dfcd000 -w-s 00003000 00:05 35885                      /dev/infiniband/uverbs0
2ab29dfcd000-2ab29dfce000 -w-s 00004000 00:05 35885                      /dev/infiniband/uverbs0
2ab29dfce000-2ab29dfcf000 -w-s 00005000 00:05 35885                      /dev/infiniband/uverbs0
2ab29dfcf000-2ab29dfd0000 -w-s 00006000 00:05 35885                      /dev/infiniband/uverbs0
2ab29dfd0000-2ab29dfd1000 -w-s 00007000 00:05 35885                      /dev/infiniband/uverbs0
2ab29dfd1000-2ab29dfd2000 r-xs 00500000 00:05 35885                      /dev/infiniband/uverbs0
2ab29dfd2000-2ab29dfd5000 rwxs 00000000 00:13 130435774                  /dev/shm/ucx_shm_posix_7e914b0b (deleted)
2ab29dfd5000-2ab29dfd6000 rwxs 00800000 00:05 35885                      /dev/infiniband/uverbs0
2ab29dfd6000-2ab29e03d000 rwxp 00000000 00:00 0 
2ab29e03d000-2ab29e0dd000 rwxp 00000000 00:00 0 
2ab29e0dd000-2ab29e1a7000 rwxp 00000000 00:00 0 
2ab29e1a7000-2ab29e1aa000 rwxs 00000000 00:01 12091418                   /SYSV00000000 (deleted)
2ab29e1aa000-2ab29e1ac000 rwxp 00000000 00:00 0 
2ab29e1bd000-2ab29e1be000 r-xp 00021000 00:24 78603                      /usr/lib64/ld-2.17.so
2ab29e1be000-2ab29e1bf000 rwxp 00022000 00:24 78603                      /usr/lib64/ld-2.17.so
2ab29e1bf000-2ab29e1c0000 rwxp 00000000 00:00 0 
2ab29e1c0000-2ab29e40c000 r-xp 00000000 00:2d 72606442                   /apps/spack/bell/apps/openmpi/3.1.4-gcc-9.3.0-ic7fdqi/lib/libmpi.so.40.10.4
2ab29e40c000-2ab29e60b000 ---p 0024c000 00:2d 72606442                   /apps/spack/bell/apps/openmpi/3.1.4-gcc-9.3.0-ic7fdqi/lib/libmpi.so.40.10.4
2ab29e60b000-2ab29e60e000 r-xp 0024b000 00:2d 72606442                   /apps/spack/bell/apps/openmpi/3.1.4-gcc-9.3.0-ic7fdqi/lib/libmpi.so.40.10.4
2ab29e60e000-2ab29e632000 rwxp 0024e000 00:2d 72606442                   /apps/spack/bell/apps/openmpi/3.1.4-gcc-9.3.0-ic7fdqi/lib/libmpi.so.40.10.4
2ab29e632000-2ab29e649000 rwxp 00000000 00:00 0 
2ab29e649000-2ab29e660000 r-xp 00000000 00:24 77307                      /usr/lib64/libpthread-2.17.so
2ab29e660000-2ab29e85f000 ---p 00017000 00:24 77307                      /usr/lib64/libpthread-2.17.so
2ab29e85f000-2ab29e860000 r-xp 00016000 00:24 77307                      /usr/lib64/libpthread-2.17.so
2ab29e860000-2ab29e861000 rwxp 00017000 00:24 77307                      /usr/lib64/libpthread-2.17.so
2ab29e861000-2ab29e865000 rwxp 00000000 00:00 0 
2ab29e865000-2ab29e95a000 r-xp 00000000 00:24 77220                      /usr/lib64/libc-2.17.so
2ab29e95a000-2ab29e95b000 r-xp 000f5000 00:24 77220                      /usr/lib64/libc-2.17.so
2ab29e95b000-2ab29e95d000 r-xp 000f6000 00:24 77220                      /usr/lib64/libc-2.17.so
2ab29e95d000-2ab29e95e000 r-xp 000f8000 00:24 77220                      /usr/lib64/libc-2.17.so
2ab29e95e000-2ab29e964000 r-xp 000f9000 00:24 77220                      /usr/lib64/libc-2.17.so
2ab29e964000-2ab29e966000 r-xp 000ff000 00:24 77220                      /usr/lib64/libc-2.17.so
2ab29e966000-2ab29ea28000 r-xp 00101000 00:24 77220                      /usr/lib64/libc-2.17.so
2ab29ea28000-2ab29ec28000 ---p 001c3000 00:24 77220                      /usr/lib64/libc-2.17.so
2ab29ec28000-2ab29ec2c000 r-xp 001c3000 00:24 77220                      /usr/lib64/libc-2.17.so
2ab29ec2c000-2ab29ec2e000 rwxp 001c7000 00:24 77220                      /usr/lib64/libc-2.17.so
2ab29ec2e000-2ab29ec33000 rwxp 00000000 00:00 0 
2ab29ec33000-2ab29ec5a000 r-xp 00000000 00:24 90299                      /usr/lib64/liblustreapi.so.1.0.0
2ab29ec5a000-2ab29ee59000 ---p 00027000 00:24 90299                      /usr/lib64/liblustreapi.so.1.0.0
2ab29ee59000-2ab29ee5a000 r-xp 00026000 00:24 90299                      /usr/lib64/liblustreapi.so.1.0.0
2ab29ee5a000-2ab29ee5b000 rwxp 00027000 00:24 90299                      /usr/lib64/liblustreapi.so.1.0.0
2ab29ee5b000-2ab29ee64000 rwxp 00000000 00:00 0 
2ab29ee64000-2ab29ef27000 r-xp 00000000 00:24 90309                      /usr/lib64/libfabric.so.1.10.1
2ab29ef27000-2ab29f126000 ---p 000c3000 00:24 90309                      /usr/lib64/libfabric.so.1.10.1
2ab29f126000-2ab29f147000 r-xp 000c2000 00:24 90309                      /usr/lib64/libfabric.so.1.10.1
2ab29f147000-2ab29f14e000 rwxp 000e3000 00:24 90309                      /usr/lib64/libfabric.so.1.10.1
2ab29f14e000-2ab29f1a7000 r-xp 00000000 00:24 82597                      /usr/lib64/libucp.so.0.0.0
2ab29f1a7000-2ab29f3a6000 ---p 00059000 00:24 82597                      /usr/lib64/libucp.so.0.0.0
2ab29f3a6000-2ab29f3a7000 r-xp 00058000 00:24 82597                      /usr/lib64/libucp.so.0.0.0
2ab29f3a7000-2ab29f3aa000 rwxp 00059000 00:24 82597                      /usr/lib64/libucp.so.0.0.0
2ab29f3aa000-2ab29f3d0000 r-xp 00000000 00:24 82601                      /usr/lib64/libuct.so.0.0.0
2ab29f3d0000-2ab29f5d0000 ---p 00026000 00:24 82601                      /usr/lib64/libuct.so.0.0.0
2ab29f5d0000-2ab29f5d1000 r-xp 00026000 00:24 82601                      /usr/lib64/libuct.so.0.0.0
2ab29f5d1000-2ab29f5d5000 rwxp 00027000 00:24 82601                      /usr/lib64/libuct.so.0.0.0
2ab29f5d5000-2ab29f5e7000 r-xp 00000000 00:24 82596                      /usr/lib64/libucm.so.0.0.0
2ab29f5e7000-2ab29f7e6000 ---p 00012000 00:24 82596                      /usr/lib64/libucm.so.0.0.0
2ab29f7e6000-2ab29f7e7000 r-xp 00011000 00:24 82596                      /usr/lib64/libucm.so.0.0.0
2ab29f7e7000-2ab29f7e8000 rwxp 00012000 00:24 82596                      /usr/lib64/libucm.so.0.0.0
2ab29f7e8000-2ab29f7e9000 rwxp 00000000 00:00 0 
2ab29f7e9000-2ab29f928000 r-xp 00000000 00:24 82599                      /usr/lib64/libucs.so.0.0.0
2ab29f928000-2ab29fb28000 ---p 0013f000 00:24 82599                      /usr/lib64/libucs.so.0.0.0
2ab29fb28000-2ab29fb3b000 r-xp 0013f000 00:24 82599                      /usr/lib64/libucs.so.0.0.0
2ab29fb3b000-2ab29fb42000 rwxp 00152000 00:24 82599                      /usr/lib64/libucs.so.0.0.0
2ab29fb42000-2ab29fb4a000 rwxp 00000000 00:00 0 
2ab29fb4a000-2ab29fc83000 r-xp 00000000 00:2d 72604558                   /apps/spack/bell/apps/openmpi/3.1.4-gcc-9.3.0-ic7fdqi/lib/libopen-rte.so.40.10.4
2ab29fc83000-2ab29fe83000 ---p 00139000 00:2d 72604558                   /apps/spack/bell/apps/openmpi/3.1.4-gcc-9.3.0-ic7fdqi/lib/libopen-rte.so.40.10.4
2ab29fe83000-2ab29fe85000 r-xp 00139000 00:2d 72604558                   /apps/spack/bell/apps/openmpi/3.1.4-gcc-9.3.0-ic7fdqi/lib/libopen-rte.so.40.10.4
2ab29fe85000-2ab29fe91000 rwxp 0013b000 00:2d 72604558                   /apps/spack/bell/apps/openmpi/3.1.4-gcc-9.3.0-ic7fdqi/lib/libopen-rte.so.40.10.4
2ab29fe91000-2ab29fe94000 rwxp 00000000 00:00 0 
2ab29fe94000-2ab2a00cb000 r-xp 00000000 00:2d 72604429                   /apps/spack/bell/apps/openmpi/3.1.4-gcc-9.3.0-ic7fdqi/lib/libopen-pal.so.40.10.4
2ab2a00cb000-2ab2a02cb000 ---p 00237000 00:2d 72604429                   /apps/spack/bell/apps/openmpi/3.1.4-gcc-9.3.0-ic7fdqi/lib/libopen-pal.so.40.10.4
2ab2a02cb000-2ab2a02d0000 r-xp 00237000 00:2d 72604429                   /apps/spack/bell/apps/openmpi/3.1.4-gcc-9.3.0-ic7fdqi/lib/libopen-pal.so.40.10.4
2ab2a02d0000-2ab2a02e1000 rwxp 0023c000 00:2d 72604429                   /apps/spack/bell/apps/openmpi/3.1.4-gcc-9.3.0-ic7fdqi/lib/libopen-pal.so.40.10.4
2ab2a02e1000-2ab2a02ec000 rwxp 00000000 00:00 0 
2ab2a02ec000-2ab2a0303000 r-xp 00000000 00:24 84365                      /usr/lib64/librdmacm.so.1.2.28.0
2ab2a0303000-2ab2a0502000 ---p 00017000 00:24 84365                      /usr/lib64/librdmacm.so.1.2.28.0
2ab2a0502000-2ab2a0503000 r-xp 00016000 00:24 84365                      /usr/lib64/librdmacm.so.1.2.28.0
2ab2a0503000-2ab2a0504000 rwxp 00017000 00:24 84365                      /usr/lib64/librdmacm.so.1.2.28.0
2ab2a0504000-2ab2a0505000 rwxp 00000000 00:00 0 
2ab2a0505000-2ab2a051f000 r-xp 00000000 00:24 84356                      /usr/lib64/libibverbs.so.1.8.28.0
2ab2a051f000-2ab2a071e000 ---p 0001a000 00:24 84356                      /usr/lib64/libibverbs.so.1.8.28.0
2ab2a071e000-2ab2a071f000 r-xp 00019000 00:24 84356                      /usr/lib64/libibverbs.so.1.8.28.0
2ab2a071f000-2ab2a0720000 rwxp 0001a000 00:24 84356                      /usr/lib64/libibverbs.so.1.8.28.0
2ab2a0720000-2ab2a0727000 r-xp 00000000 00:24 89422                      /usr/lib64/libpmi2.so.0.0.0
2ab2a0727000-2ab2a0927000 ---p 00007000 00:24 89422                      /usr/lib64/libpmi2.so.0.0.0
2ab2a0927000-2ab2a0928000 r-xp 00007000 00:24 89422                      /usr/lib64/libpmi2.so.0.0.0
2ab2a0928000-2ab2a0929000 rwxp 00008000 00:24 89422                      /usr/lib64/libpmi2.so.0.0.0
2ab2a0929000-2ab2a0939000 rwxp 00000000 00:00 0 
2ab2a0939000-2ab2a093e000 r-xp 00000000 00:24 90310                      /usr/lib64/libpmi.so.0.0.0
2ab2a093e000-2ab2a0b3d000 ---p 00005000 00:24 90310                      /usr/lib64/libpmi.so.0.0.0
2ab2a0b3d000-2ab2a0b3e000 r-xp 00004000 00:24 90310                      /usr/lib64/libpmi.so.0.0.0
2ab2a0b3e000-2ab2a0b3f000 rwxp 00005000 00:24 90310                      /usr/lib64/libpmi.so.0.0.0
2ab2a0b3f000-2ab2a0b5d000 r-xp 00000000 00:24 77469                      /usr/lib64/libnl-3.so.200.23.0
2ab2a0b5d000-2ab2a0d5d000 ---p 0001e000 00:24 77469                      /usr/lib64/libnl-3.so.200.23.0
2ab2a0d5d000-2ab2a0d5f000 r-xp 0001e000 00:24 77469                      /usr/lib64/libnl-3.so.200.23.0
2ab2a0d5f000-2ab2a0d60000 rwxp 00020000 00:24 77469                      /usr/lib64/libnl-3.so.200.23.0
2ab2a0d60000-2ab2a0dc4000 r-xp 00000000 00:24 78912                      /usr/lib64/libnl-route-3.so.200.23.0
2ab2a0dc4000-2ab2a0fc3000 ---p 00064000 00:24 78912                      /usr/lib64/libnl-route-3.so.200.23.0
2ab2a0fc3000-2ab2a0fc6000 r-xp 00063000 00:24 78912                      /usr/lib64/libnl-route-3.so.200.23.0
2ab2a0fc6000-2ab2a0fcb000 rwxp 00066000 00:24 78912                      /usr/lib64/libnl-route-3.so.200.23.0
2ab2a0fcb000-2ab2a0fcd000 rwxp 00000000 00:00 0 
2ab2a0fcd000-2ab2a0fd4000 r-xp 00000000 00:24 78759                      /usr/lib64/librt-2.17.so
2ab2a0fd4000-2ab2a11d3000 ---p 00007000 00:24 78759                      /usr/lib64/librt-2.17.so
2ab2a11d3000-2ab2a11d4000 r-xp 00006000 00:24 78759                      /usr/lib64/librt-2.17.so
2ab2a11d4000-2ab2a11d5000 rwxp 00007000 00:24 78759                      /usr/lib64/librt-2.17.so
2ab2a11d5000-2ab2a11d7000 r-xp 00000000 00:24 78580                      /usr/lib64/libutil-2.17.so
2ab2a11d7000-2ab2a13d6000 ---p 00002000 00:24 78580                      /usr/lib64/libutil-2.17.so
2ab2a13d6000-2ab2a13d7000 r-xp 00001000 00:24 78580                      /usr/lib64/libutil-2.17.so
2ab2a13d7000-2ab2a13d8000 rwxp 00002000 00:24 78580                      /usr/lib64/libutil-2.17.so
2ab2a13d8000-2ab2a1418000 r-xp 00000000 00:2d 7028174                    /apps/spack/bell/apps/hwloc/1.11.11-gcc-9.3.0-ubnsyw3/lib/libhwloc.so.5.7.8
2ab2a1418000-2ab2a1617000 ---p 00040000 00:2d 7028174                    /apps/spack/bell/apps/hwloc/1.11.11-gcc-9.3.0-ubnsyw3/lib/libhwloc.so.5.7.8
2ab2a1617000-2ab2a1618000 r-xp 0003f000 00:2d 7028174                    /apps/spack/bell/apps/hwloc/1.11.11-gcc-9.3.0-ubnsyw3/lib/libhwloc.so.5.7.8
2ab2a1618000-2ab2a1619000 rwxp 00040000 00:2d 7028174                    /apps/spack/bell/apps/hwloc/1.11.11-gcc-9.3.0-ubnsyw3/lib/libhwloc.so.5.7.8
2ab2a1619000-2ab2a1623000 r-xp 00000000 00:2d 13571255                   /apps/spack/bell/apps/numactl/2.0.12-gcc-9.3.0-ntfdgbk/lib/libnuma.so.1.0.0
2ab2a1623000-2ab2a1822000 ---p 0000a000 00:2d 13571255                   /apps/spack/bell/apps/numactl/2.0.12-gcc-9.3.0-ntfdgbk/lib/libnuma.so.1.0.0
2ab2a1822000-2ab2a1823000 r-xp 00009000 00:2d 13571255                   /apps/spack/bell/apps/numactl/2.0.12-gcc-9.3.0-ntfdgbk/lib/libnuma.so.1.0.0
2ab2a1823000-2ab2a1824000 rwxp 0000a000 00:2d 13571255                   /apps/spack/bell/apps/numactl/2.0.12-gcc-9.3.0-ntfdgbk/lib/libnuma.so.1.0.0
2ab2a1824000-2ab2a182c000 r-xp 00000000 00:2d 8601625                    /apps/spack/bell/apps/libpciaccess/0.13.5-gcc-9.3.0-fx3zuof/lib/libpciaccess.so.0.11.1
2ab2a182c000-2ab2a1a2b000 ---p 00008000 00:2d 8601625                    /apps/spack/bell/apps/libpciaccess/0.13.5-gcc-9.3.0-fx3zuof/lib/libpciaccess.so.0.11.1
2ab2a1a2b000-2ab2a1a2c000 r-xp 00007000 00:2d 8601625                    /apps/spack/bell/apps/libpciaccess/0.13.5-gcc-9.3.0-fx3zuof/lib/libpciaccess.so.0.11.1
2ab2a1a2c000-2ab2a1a2d000 rwxp 00008000 00:2d 8601625                    /apps/spack/bell/apps/libpciaccess/0.13.5-gcc-9.3.0-fx3zuof/lib/libpciaccess.so.0.11.1
2ab2a1a2d000-2ab2a1b8e000 r-xp 00000000 00:2d 8953443                    /apps/spack/bell/apps/libxml2/2.9.9-gcc-9.3.0-rs7m7df/lib/libxml2.so.2.9.9
2ab2a1b8e000-2ab2a1d8e000 ---p 00161000 00:2d 8953443                    /apps/spack/bell/apps/libxml2/2.9.9-gcc-9.3.0-rs7m7df/lib/libxml2.so.2.9.9
2ab2a1d8e000-2ab2a1d96000 r-xp 00161000 00:2d 8953443                    /apps/spack/bell/apps/libxml2/2.9.9-gcc-9.3.0-rs7m7df/lib/libxml2.so.2.9.9
2ab2a1d96000-2ab2a1d98000 rwxp 00169000 00:2d 8953443                    /apps/spack/bell/apps/libxml2/2.9.9-gcc-9.3.0-rs7m7df/lib/libxml2.so.2.9.9
2ab2a1d98000-2ab2a1d99000 rwxp 00000000 00:00 0 
2ab2a1d99000-2ab2a1d9b000 r-xp 00000000 00:24 78622                      /usr/lib64/libdl-2.17.so
2ab2a1d9b000-2ab2a1f9b000 ---p 00002000 00:24 78622                      /usr/lib64/libdl-2.17.so
2ab2a1f9b000-2ab2a1f9c000 r-xp 00002000 00:24 78622                      /usr/lib64/libdl-2.17.so
2ab2a1f9c000-2ab2a1f9d000 rwxp 00003000 00:24 78622                      /usr/lib64/libdl-2.17.so
2ab2a1f9d000-2ab2a1fb3000 r-xp 00000000 00:2d 17946471                   /apps/spack/bell/apps/zlib/1.2.11-gcc-9.3.0-7x3gabj/lib/libz.so.1.2.11
2ab2a1fb3000-2ab2a21b2000 ---p 00016000 00:2d 17946471                   /apps/spack/bell/apps/zlib/1.2.11-gcc-9.3.0-7x3gabj/lib/libz.so.1.2.11
2ab2a21b2000-2ab2a21b3000 r-xp 00015000 00:2d 17946471                   /apps/spack/bell/apps/zlib/1.2.11-gcc-9.3.0-7x3gabj/lib/libz.so.1.2.11
2ab2a21b3000-2ab2a21b4000 rwxp 00016000 00:2d 17946471                   /apps/spack/bell/apps/zlib/1.2.11-gcc-9.3.0-7x3gabj/lib/libz.so.1.2.11
2ab2a21b4000-2ab2a21d9000 r-xp 00000000 00:2d 17939099                   /apps/spack/bell/apps/xz/5.2.4-gcc-9.3.0-fn5x6sr/lib/liblzma.so.5.2.4
2ab2a21d9000-2ab2a23d9000 ---p 00025000 00:2d 17939099                   /apps/spack/bell/apps/xz/5.2.4-gcc-9.3.0-fn5x6sr/lib/liblzma.so.5.2.4
2ab2a23d9000-2ab2a23da000 r-xp 00025000 00:2d 17939099                   /apps/spack/bell/apps/xz/5.2.4-gcc-9.3.0-fn5x6sr/lib/liblzma.so.5.2.4
2ab2a23da000-2ab2a23db000 rwxp 00026000 00:2d 17939099                   /apps/spack/bell/apps/xz/5.2.4-gcc-9.3.0-fn5x6sr/lib/liblzma.so.5.2.4
2ab2a23db000-2ab2a24d6000 r-xp 00000000 00:2d 8586489                    /apps/spack/bell/apps/libiconv/1.16-gcc-9.3.0-fdtour2/lib/libiconv.so.2.6.1
2ab2a24d6000-2ab2a26d6000 ---p 000fb000 00:2d 8586489                    /apps/spack/bell/apps/libiconv/1.16-gcc-9.3.0-fdtour2/lib/libiconv.so.2.6.1
2ab2a26d6000-2ab2a26d8000 r-xp 000fb000 00:2d 8586489                    /apps/spack/bell/apps/libiconv/1.16-gcc-9.3.0-fdtour2/lib/libiconv.so.2.6.1
2ab2a26d8000-2ab2a26d9000 rwxp 000fd000 00:2d 8586489                    /apps/spack/bell/apps/libiconv/1.16-gcc-9.3.0-fdtour2/lib/libiconv.so.2.6.1
2ab2a26d9000-2ab2a27da000 r-xp 00000000 00:24 78626                      /usr/lib64/libm-2.17.so
2ab2a27da000-2ab2a29d9000 ---p 00101000 00:24 78626                      /usr/lib64/libm-2.17.so
2ab2a29d9000-2ab2a29da000 r-xp 00100000 00:24 78626                      /usr/lib64/libm-2.17.so
2ab2a29da000-2ab2a29db000 rwxp 00101000 00:24 78626                      /usr/lib64/libm-2.17.so
2ab2a29db000-2ab2a2a17000 r-xp 00000000 00:24 78824                      /usr/lib64/libreadline.so.6.2
2ab2a2a17000-2ab2a2c17000 ---p 0003c000 00:24 78824                      /usr/lib64/libreadline.so.6.2
2ab2a2c17000-2ab2a2c19000 r-xp 0003c000 00:24 78824                      /usr/lib64/libreadline.so.6.2
2ab2a2c19000-2ab2a2c1f000 rwxp 0003e000 00:24 78824                      /usr/lib64/libreadline.so.6.2
2ab2a2c1f000-2ab2a2c21000 rwxp 00000000 00:00 0 
2ab2a2c21000-2ab2a2c24000 r-xp 00000000 00:24 78893                      /usr/lib64/libkeyutils.so.1.5
2ab2a2c24000-2ab2a2e23000 ---p 00003000 00:24 78893                      /usr/lib64/libkeyutils.so.1.5
2ab2a2e23000-2ab2a2e24000 r-xp 00002000 00:24 78893                      /usr/lib64/libkeyutils.so.1.5
2ab2a2e24000-2ab2a2e25000 rwxp 00003000 00:24 78893                      /usr/lib64/libkeyutils.so.1.5
2ab2a2e25000-2ab2a2e3c000 r-xp 00000000 00:2d 6737939                    /apps/spack/bell/apps/gcc/9.3.0-gcc-4.8.5-z2ug7z7/lib64/libgcc_s.so.1
2ab2a2e3c000-2ab2a303b000 ---p 00017000 00:2d 6737939                    /apps/spack/bell/apps/gcc/9.3.0-gcc-4.8.5-z2ug7z7/lib64/libgcc_s.so.1
2ab2a303b000-2ab2a303c000 r-xp 00016000 00:2d 6737939                    /apps/spack/bell/apps/gcc/9.3.0-gcc-4.8.5-z2ug7z7/lib64/libgcc_s.so.1
2ab2a303c000-2ab2a303d000 rwxp 00017000 00:2d 6737939                    /apps/spack/bell/apps/gcc/9.3.0-gcc-4.8.5-z2ug7z7/lib64/libgcc_s.so.1
2ab2a303d000-2ab2a3053000 r-xp 00000000 00:24 77311                      /usr/lib64/libresolv-2.17.so
2ab2a3053000-2ab2a3253000 ---p 00016000 00:24 77311                      /usr/lib64/libresolv-2.17.so
2ab2a3253000-2ab2a3254000 r-xp 00016000 00:24 77311                      /usr/lib64/libresolv-2.17.so
2ab2a3254000-2ab2a3255000 rwxp 00017000 00:24 77311                      /usr/lib64/libresolv-2.17.so
2ab2a3255000-2ab2a3257000 rwxp 00000000 00:00 0 
2ab2a3257000-2ab2a3447000 r-xp 00000000 00:24 88374                      /usr/lib64/slurm/libslurmfull.so
2ab2a3447000-2ab2a3647000 ---p 001f0000 00:24 88374                      /usr/lib64/slurm/libslurmfull.so
2ab2a3647000-2ab2a3649000 r-xp 001f0000 00:24 88374                      /usr/lib64/slurm/libslurmfull.so
2ab2a3649000-2ab2a3654000 rwxp 001f2000 00:24 88374                      /usr/lib64/slurm/libslurmfull.so
2ab2a3654000-2ab2a365a000 rwxp 00000000 00:00 0 
2ab2a365a000-2ab2a367f000 r-xp 00000000 00:24 77248                      /usr/lib64/libtinfo.so.5.9
2ab2a367f000-2ab2a387f000 ---p 00025000 00:24 77248                      /usr/lib64/libtinfo.so.5.9
srun: error: eio_message_socket_accept: slurm_receive_msg[172.18.44.65]: Zero Bytes were transmitted or received
*** Error in `/home/sferdou/Multi-RandGreedi/job_submission/../build/apps/mpi_hello': munmap_chunk(): invalid pointer: 0x000000000124b1c0 ***
======= Backtrace: =========
/lib64/libc.so.6(+0x7f3e4)[0x2b6a1e4323e4]
/usr/lib64/slurm/libslurmfull.so(slurm_xfree+0x1d)[0x2b6a22f28fc8]
/usr/lib64/slurm/libslurmfull.so(slurm_s_p_hashtbl_destroy+0x1c0)[0x2b6a22e6c3e1]
/usr/lib64/slurm/libslurmfull.so(+0xd56fd)[0x2b6a22e7a6fd]
/usr/lib64/slurm/libslurmfull.so(+0xc7d57)[0x2b6a22e6cd57]
/usr/lib64/slurm/libslurmfull.so(+0xc80fa)[0x2b6a22e6d0fa]
/usr/lib64/slurm/libslurmfull.so(s_p_parse_file+0x768)[0x2b6a22e6e4bc]
/usr/lib64/slurm/libslurmfull.so(+0xda21b)[0x2b6a22e7f21b]
/usr/lib64/slurm/libslurmfull.so(slurm_conf_lock+0x5a)[0x2b6a22e85027]
/usr/lib64/slurm/libslurmfull.so(slurm_get_tcp_timeout+0x1e)[0x2b6a22ea53e2]
/usr/lib64/slurm/libslurmfull.so(slurm_open_stream+0x27f)[0x2b6a22ee0b80]
/usr/lib64/slurm/libslurmfull.so(slurm_open_msg_conn+0xb)[0x2b6a22ea7046]
/usr/lib64/slurm/libslurmfull.so(slurm_send_recv_rc_msg_only_one+0x55)[0x2b6a22ea9b06]
/usr/lib64/slurm/libslurmfull.so(slurm_send_kvs_comm_set+0x156)[0x2b6a22e01970]
/lib64/libpmi.so.0(PMI_KVS_Commit+0x2ea)[0x2b6a20489cd9]
/apps/spack/bell/apps/openmpi/3.1.4-gcc-9.3.0-ic7fdqi/lib/libopen-pal.so.40(+0xee539)[0x2b6a1fad0539]
/apps/spack/bell/apps/openmpi/3.1.4-gcc-9.3.0-ic7fdqi/lib/libmpi.so.40(ompi_mpi_init+0x70e)[0x2b6a1dd814de]
/apps/spack/bell/apps/openmpi/3.1.4-gcc-9.3.0-ic7fdqi/lib/libmpi.so.40(PMPI_Init+0x5f)[0x2b6a1ddb088f]
/home/sferdou/Multi-RandGreedi/job_submission/../build/apps/mpi_hello(main+0x31)[0x400a63]
/lib64/libc.so.6(__libc_start_main+0xf5)[0x2b6a1e3d5555]
/home/sferdou/Multi-RandGreedi/job_submission/../build/apps/mpi_hello[0x400989]
======= Memory map: ========
00400000-00401000 r-xp 00000000 00:2e 1818301245                         /home/sferdou/Multi-RandGreedi/build/apps/mpi_hello
00600000-00601000 r-xp 00000000 00:2e 1818301245                         /home/sferdou/Multi-RandGreedi/build/apps/mpi_hello
00601000-00602000 rwxp 00001000 00:2e 1818301245                         /home/sferdou/Multi-RandGreedi/build/apps/mpi_hello
00f94000-01025000 rwxp 00000000 00:00 0                                  [heap]
01025000-01026000 rwxp 00000000 00:00 0                                  [heap]
01026000-01057000 rwxp 00000000 00:00 0                                  [heap]
01057000-0105c000 rwxp 00000000 00:00 0                                  [heap]
0105c000-010b7000 rwxp 00000000 00:00 0                                  [heap]
010b7000-010b8000 rwxp 00000000 00:00 0                                  [heap]
010b8000-0119f000 rwxp 00000000 00:00 0                                  [heap]
0119f000-011af000 rwxp 00000000 00:00 0                                  [heap]
011af000-011b0000 rwxp 00000000 00:00 0                                  [heap]
011b0000-011c0000 rwxp 00000000 00:00 0                                  [heap]
011c0000-011c1000 rwxp 00000000 00:00 0                                  [heap]
011c1000-011d1000 rwxp 00000000 00:00 0                                  [heap]
011d1000-011d2000 rwxp 00000000 00:00 0                                  [heap]
011d2000-011e2000 rwxp 00000000 00:00 0                                  [heap]
011e2000-011e3000 rwxp 00000000 00:00 0                                  [heap]
011e3000-011f3000 rwxp 00000000 00:00 0                                  [heap]
011f3000-011f4000 rwxp 00000000 00:00 0                                  [heap]
011f4000-01204000 rwxp 00000000 00:00 0                                  [heap]
01204000-01205000 rwxp 00000000 00:00 0                                  [heap]
01205000-01215000 rwxp 00000000 00:00 0                                  [heap]
01215000-01216000 rwxp 00000000 00:00 0                                  [heap]
01216000-01226000 rwxp 00000000 00:00 0                                  [heap]
01226000-01227000 rwxp 00000000 00:00 0                                  [heap]
01227000-0122f000 rwxp 00000000 00:00 0                                  [heap]
0122f000-01238000 rwxp 00000000 00:00 0                                  [heap]
01238000-01240000 rwxp 00000000 00:00 0                                  [heap]
01240000-01269000 rwxp 00000000 00:00 0                                  [heap]
2b6a1daea000-2b6a1db0c000 r-xp 00000000 00:24 78292                      /usr/lib64/ld-2.17.so
2b6a1db0c000-2b6a1db0e000 rwxp 00000000 00:00 0 
2b6a1db0e000-2b6a1db0f000 -w-s 00000000 00:05 1796                       /dev/infiniband/uverbs0
2b6a1db0f000-2b6a1db10000 -w-s 00001000 00:05 1796                       /dev/infiniband/uverbs0
2b6a1db10000-2b6a1db11000 -w-s 00002000 00:05 1796                       /dev/infiniband/uverbs0
2b6a1db11000-2b6a1db12000 -w-s 00003000 00:05 1796                       /dev/infiniband/uverbs0
2b6a1db12000-2b6a1db13000 -w-s 00004000 00:05 1796                       /dev/infiniband/uverbs0
2b6a1db13000-2b6a1db14000 -w-s 00005000 00:05 1796                       /dev/infiniband/uverbs0
2b6a1db14000-2b6a1db15000 -w-s 00006000 00:05 1796                       /dev/infiniband/uverbs0
2b6a1db15000-2b6a1db16000 -w-s 00007000 00:05 1796                       /dev/infiniband/uverbs0
2b6a1db16000-2b6a1db17000 r-xs 00500000 00:05 1796                       /dev/infiniband/uverbs0
2b6a1db17000-2b6a1db18000 -w-s 00000000 00:05 1796                       /dev/infiniband/uverbs0
2b6a1db18000-2b6a1db19000 -w-s 00001000 00:05 1796                       /dev/infiniband/uverbs0
2b6a1db19000-2b6a1db1a000 -w-s 00002000 00:05 1796                       /dev/infiniband/uverbs0
2b6a1db1a000-2b6a1db1b000 -w-s 00003000 00:05 1796                       /dev/infiniband/uverbs0
2b6a1db1b000-2b6a1db1c000 -w-s 00004000 00:05 1796                       /dev/infiniband/uverbs0
2b6a1db1c000-2b6a1db1d000 -w-s 00005000 00:05 1796                       /dev/infiniband/uverbs0
2b6a1db1d000-2b6a1db1e000 -w-s 00006000 00:05 1796                       /dev/infiniband/uverbs0
2b6a1db1e000-2b6a1db1f000 -w-s 00007000 00:05 1796                       /dev/infiniband/uverbs0
2b6a1db1f000-2b6a1db20000 r-xs 00500000 00:05 1796                       /dev/infiniband/uverbs0
2b6a1db20000-2b6a1db23000 rwxs 00000000 00:13 2052495945                 /dev/shm/ucx_shm_posix_5f6d3d86 (deleted)
2b6a1db23000-2b6a1db24000 rwxs 00800000 00:05 1796                       /dev/infiniband/uverbs0
2b6a1db24000-2b6a1db8b000 rwxp 00000000 00:00 0 
2b6a1db8b000-2b6a1dc2b000 rwxp 00000000 00:00 0 
2b6a1dc2b000-2b6a1dcf5000 rwxp 00000000 00:00 0 
2b6a1dcf5000-2b6a1dcf8000 rwxs 00000000 00:01 88178709                   /SYSV00000000 (deleted)
2b6a1dcf8000-2b6a1dcfa000 rwxp 00000000 00:00 0 
2b6a1dd0b000-2b6a1dd0c000 r-xp 00021000 00:24 78292                      /usr/lib64/ld-2.17.so
2b6a1dd0c000-2b6a1dd0d000 rwxp 00022000 00:24 78292                      /usr/lib64/ld-2.17.so
2b6a1dd0d000-2b6a1dd0e000 rwxp 00000000 00:00 0 
2b6a1dd0e000-2b6a1df5a000 r-xp 00000000 00:2b 72606442                   /apps/spack/bell/apps/openmpi/3.1.4-gcc-9.3.0-ic7fdqi/lib/libmpi.so.40.10.4
2b6a1df5a000-2b6a1e159000 ---p 0024c000 00:2b 72606442                   /apps/spack/bell/apps/openmpi/3.1.4-gcc-9.3.0-ic7fdqi/lib/libmpi.so.40.10.4
2b6a1e159000-2b6a1e15c000 r-xp 0024b000 00:2b 72606442                   /apps/spack/bell/apps/openmpi/3.1.4-gcc-9.3.0-ic7fdqi/lib/libmpi.so.40.10.4
2b6a1e15c000-2b6a1e180000 rwxp 0024e000 00:2b 72606442                   /apps/spack/bell/apps/openmpi/3.1.4-gcc-9.3.0-ic7fdqi/lib/libmpi.so.40.10.4
2b6a1e180000-2b6a1e197000 rwxp 00000000 00:00 0 
2b6a1e197000-2b6a1e1ae000 r-xp 00000000 00:24 73549                      /usr/lib64/libpthread-2.17.so
2b6a1e1ae000-2b6a1e3ad000 ---p 00017000 00:24 73549                      /usr/lib64/libpthread-2.17.so
2b6a1e3ad000-2b6a1e3ae000 r-xp 00016000 00:24 73549                      /usr/lib64/libpthread-2.17.so
2b6a1e3ae000-2b6a1e3af000 rwxp 00017000 00:24 73549                      /usr/lib64/libpthread-2.17.so
2b6a1e3af000-2b6a1e3b3000 rwxp 00000000 00:00 0 
2b6a1e3b3000-2b6a1e4a8000 r-xp 00000000 00:24 78377                      /usr/lib64/libc-2.17.so
2b6a1e4a8000-2b6a1e4a9000 r-xp 000f5000 00:24 78377                      /usr/lib64/libc-2.17.so
2b6a1e4a9000-2b6a1e4ab000 r-xp 000f6000 00:24 78377                      /usr/lib64/libc-2.17.so
2b6a1e4ab000-2b6a1e4ac000 r-xp 000f8000 00:24 78377                      /usr/lib64/libc-2.17.so
2b6a1e4ac000-2b6a1e4b2000 r-xp 000f9000 00:24 78377                      /usr/lib64/libc-2.17.so
2b6a1e4b2000-2b6a1e4b4000 r-xp 000ff000 00:24 78377                      /usr/lib64/libc-2.17.so
2b6a1e4b4000-2b6a1e576000 r-xp 00101000 00:24 78377                      /usr/lib64/libc-2.17.so
2b6a1e576000-2b6a1e776000 ---p 001c3000 00:24 78377                      /usr/lib64/libc-2.17.so
2b6a1e776000-2b6a1e77a000 r-xp 001c3000 00:24 78377                      /usr/lib64/libc-2.17.so
2b6a1e77a000-2b6a1e77c000 rwxp 001c7000 00:24 78377                      /usr/lib64/libc-2.17.so
2b6a1e77c000-2b6a1e781000 rwxp 00000000 00:00 0 
2b6a1e781000-2b6a1e7a8000 r-xp 00000000 00:24 90242                      /usr/lib64/liblustreapi.so.1.0.0
2b6a1e7a8000-2b6a1e9a7000 ---p 00027000 00:24 90242                      /usr/lib64/liblustreapi.so.1.0.0
2b6a1e9a7000-2b6a1e9a8000 r-xp 00026000 00:24 90242                      /usr/lib64/liblustreapi.so.1.0.0
2b6a1e9a8000-2b6a1e9a9000 rwxp 00027000 00:24 90242                      /usr/lib64/liblustreapi.so.1.0.0
2b6a1e9a9000-2b6a1e9b2000 rwxp 00000000 00:00 0 
2b6a1e9b2000-2b6a1ea75000 r-xp 00000000 00:24 90252                      /usr/lib64/libfabric.so.1.10.1
2b6a1ea75000-2b6a1ec74000 ---p 000c3000 00:24 90252                      /usr/lib64/libfabric.so.1.10.1
2b6a1ec74000-2b6a1ec95000 r-xp 000c2000 00:24 90252                      /usr/lib64/libfabric.so.1.10.1
2b6a1ec95000-2b6a1ec9c000 rwxp 000e3000 00:24 90252                      /usr/lib64/libfabric.so.1.10.1
2b6a1ec9c000-2b6a1ecf5000 r-xp 00000000 00:24 84404                      /usr/lib64/libucp.so.0.0.0
2b6a1ecf5000-2b6a1eef4000 ---p 00059000 00:24 84404                      /usr/lib64/libucp.so.0.0.0
2b6a1eef4000-2b6a1eef5000 r-xp 00058000 00:24 84404                      /usr/lib64/libucp.so.0.0.0
2b6a1eef5000-2b6a1eef8000 rwxp 00059000 00:24 84404                      /usr/lib64/libucp.so.0.0.0
2b6a1eef8000-2b6a1ef1e000 r-xp 00000000 00:24 84406                      /usr/lib64/libuct.so.0.0.0
2b6a1ef1e000-2b6a1f11e000 ---p 00026000 00:24 84406                      /usr/lib64/libuct.so.0.0.0
2b6a1f11e000-2b6a1f11f000 r-xp 00026000 00:24 84406                      /usr/lib64/libuct.so.0.0.0
2b6a1f11f000-2b6a1f123000 rwxp 00027000 00:24 84406                      /usr/lib64/libuct.so.0.0.0
2b6a1f123000-2b6a1f135000 r-xp 00000000 00:24 84403                      /usr/lib64/libucm.so.0.0.0
2b6a1f135000-2b6a1f334000 ---p 00012000 00:24 84403                      /usr/lib64/libucm.so.0.0.0
2b6a1f334000-2b6a1f335000 r-xp 00011000 00:24 84403                      /usr/lib64/libucm.so.0.0.0
2b6a1f335000-2b6a1f336000 rwxp 00012000 00:24 84403                      /usr/lib64/libucm.so.0.0.0
2b6a1f336000-2b6a1f337000 rwxp 00000000 00:00 0 
2b6a1f337000-2b6a1f476000 r-xp 00000000 00:24 82603                      /usr/lib64/libucs.so.0.0.0
2b6a1f476000-2b6a1f676000 ---p 0013f000 00:24 82603                      /usr/lib64/libucs.so.0.0.0
2b6a1f676000-2b6a1f689000 r-xp 0013f000 00:24 82603                      /usr/lib64/libucs.so.0.0.0
2b6a1f689000-2b6a1f690000 rwxp 00152000 00:24 82603                      /usr/lib64/libucs.so.0.0.0
2b6a1f690000-2b6a1f698000 rwxp 00000000 00:00 0 
2b6a1f698000-2b6a1f7d1000 r-xp 00000000 00:2b 72604558                   /apps/spack/bell/apps/openmpi/3.1.4-gcc-9.3.0-ic7fdqi/lib/libopen-rte.so.40.10.4
2b6a1f7d1000-2b6a1f9d1000 ---p 00139000 00:2b 72604558                   /apps/spack/bell/apps/openmpi/3.1.4-gcc-9.3.0-ic7fdqi/lib/libopen-rte.so.40.10.4
2b6a1f9d1000-2b6a1f9d3000 r-xp 00139000 00:2b 72604558                   /apps/spack/bell/apps/openmpi/3.1.4-gcc-9.3.0-ic7fdqi/lib/libopen-rte.so.40.10.4
2b6a1f9d3000-2b6a1f9df000 rwxp 0013b000 00:2b 72604558                   /apps/spack/bell/apps/openmpi/3.1.4-gcc-9.3.0-ic7fdqi/lib/libopen-rte.so.40.10.4
2b6a1f9df000-2b6a1f9e2000 rwxp 00000000 00:00 0 
2b6a1f9e2000-2b6a1fc19000 r-xp 00000000 00:2b 72604429                   /apps/spack/bell/apps/openmpi/3.1.4-gcc-9.3.0-ic7fdqi/lib/libopen-pal.so.40.10.4
2b6a1fc19000-2b6a1fe19000 ---p 00237000 00:2b 72604429                   /apps/spack/bell/apps/openmpi/3.1.4-gcc-9.3.0-ic7fdqi/lib/libopen-pal.so.40.10.4
2b6a1fe19000-2b6a1fe1e000 r-xp 00237000 00:2b 72604429                   /apps/spack/bell/apps/openmpi/3.1.4-gcc-9.3.0-ic7fdqi/lib/libopen-pal.so.40.10.4
2b6a1fe1e000-2b6a1fe2f000 rwxp 0023c000 00:2b 72604429                   /apps/spack/bell/apps/openmpi/3.1.4-gcc-9.3.0-ic7fdqi/lib/libopen-pal.so.40.10.4
2b6a1fe2f000-2b6a1fe3a000 rwxp 00000000 00:00 0 
2b6a1fe3a000-2b6a1fe51000 r-xp 00000000 00:24 82534                      /usr/lib64/librdmacm.so.1.2.28.0
2b6a1fe51000-2b6a20050000 ---p 00017000 00:24 82534                      /usr/lib64/librdmacm.so.1.2.28.0
2b6a20050000-2b6a20051000 r-xp 00016000 00:24 82534                      /usr/lib64/librdmacm.so.1.2.28.0
2b6a20051000-2b6a20052000 rwxp 00017000 00:24 82534                      /usr/lib64/librdmacm.so.1.2.28.0
2b6a20052000-2b6a20053000 rwxp 00000000 00:00 0 
2b6a20053000-2b6a2006d000 r-xp 00000000 00:24 82525                      /usr/lib64/libibverbs.so.1.8.28.0
2b6a2006d000-2b6a2026c000 ---p 0001a000 00:24 82525                      /usr/lib64/libibverbs.so.1.8.28.0
2b6a2026c000-2b6a2026d000 r-xp 00019000 00:24 82525                      /usr/lib64/libibverbs.so.1.8.28.0
2b6a2026d000-2b6a2026e000 rwxp 0001a000 00:24 82525                      /usr/lib64/libibverbs.so.1.8.28.0
2b6a2026e000-2b6a20275000 r-xp 00000000 00:24 89483                      /usr/lib64/libpmi2.so.0.0.0
2b6a20275000-2b6a20475000 ---p 00007000 00:24 89483                      /usr/lib64/libpmi2.so.0.0.0
2b6a20475000-2b6a20476000 r-xp 00007000 00:24 89483                      /usr/lib64/libpmi2.so.0.0.0
2b6a20476000-2b6a20477000 rwxp 00008000 00:24 89483                      /usr/lib64/libpmi2.so.0.0.0
2b6a20477000-2b6a20487000 rwxp 00000000 00:00 0 
2b6a20487000-2b6a2048c000 r-xp 00000000 00:24 90253                      /usr/lib64/libpmi.so.0.0.0
2b6a2048c000-2b6a2068b000 ---p 00005000 00:24 90253                      /usr/lib64/libpmi.so.0.0.0
2b6a2068b000-2b6a2068c000 r-xp 00004000 00:24 90253                      /usr/lib64/libpmi.so.0.0.0
2b6a2068c000-2b6a2068d000 rwxp 00005000 00:24 90253                      /usr/lib64/libpmi.so.0.0.0
2b6a2068d000-2b6a206ab000 r-xp 00000000 00:24 78638                      /usr/lib64/libnl-3.so.200.23.0
2b6a206ab000-2b6a208ab000 ---p 0001e000 00:24 78638                      /usr/lib64/libnl-3.so.200.23.0
2b6a208ab000-2b6a208ad000 r-xp 0001e000 00:24 78638                      /usr/lib64/libnl-3.so.200.23.0
2b6a208ad000-2b6a208ae000 rwxp 00020000 00:24 78638                      /usr/lib64/libnl-3.so.200.23.0
2b6a208ae000-2b6a20912000 r-xp 00000000 00:24 78658                      /usr/lib64/libnl-route-3.so.200.23.0
2b6a20912000-2b6a20b11000 ---p 00064000 00:24 78658                      /usr/lib64/libnl-route-3.so.200.23.0
2b6a20b11000-2b6a20b14000 r-xp 00063000 00:24 78658                      /usr/lib64/libnl-route-3.so.200.23.0
2b6a20b14000-2b6a20b19000 rwxp 00066000 00:24 78658                      /usr/lib64/libnl-route-3.so.200.23.0
2b6a20b19000-2b6a20b1b000 rwxp 00000000 00:00 0 
2b6a20b1b000-2b6a20b22000 r-xp 00000000 00:24 73567                      /usr/lib64/librt-2.17.so
2b6a20b22000-2b6a20d21000 ---p 00007000 00:24 73567                      /usr/lib64/librt-2.17.so
2b6a20d21000-2b6a20d22000 r-xp 00006000 00:24 73567                      /usr/lib64/librt-2.17.so
2b6a20d22000-2b6a20d23000 rwxp 00007000 00:24 73567                      /usr/lib64/librt-2.17.so
2b6a20d23000-2b6a20d25000 r-xp 00000000 00:24 78269                      /usr/lib64/libutil-2.17.so
2b6a20d25000-2b6a20f24000 ---p 00002000 00:24 78269                      /usr/lib64/libutil-2.17.so
2b6a20f24000-2b6a20f25000 r-xp 00001000 00:24 78269                      /usr/lib64/libutil-2.17.so
2b6a20f25000-2b6a20f26000 rwxp 00002000 00:24 78269                      /usr/lib64/libutil-2.17.so
2b6a20f26000-2b6a20f66000 r-xp 00000000 00:2b 7028174                    /apps/spack/bell/apps/hwloc/1.11.11-gcc-9.3.0-ubnsyw3/lib/libhwloc.so.5.7.8
2b6a20f66000-2b6a21165000 ---p 00040000 00:2b 7028174                    /apps/spack/bell/apps/hwloc/1.11.11-gcc-9.3.0-ubnsyw3/lib/libhwloc.so.5.7.8
2b6a21165000-2b6a21166000 r-xp 0003f000 00:2b 7028174                    /apps/spack/bell/apps/hwloc/1.11.11-gcc-9.3.0-ubnsyw3/lib/libhwloc.so.5.7.8
2b6a21166000-2b6a21167000 rwxp 00040000 00:2b 7028174                    /apps/spack/bell/apps/hwloc/1.11.11-gcc-9.3.0-ubnsyw3/lib/libhwloc.so.5.7.8
2b6a21167000-2b6a21171000 r-xp 00000000 00:2b 13571255                   /apps/spack/bell/apps/numactl/2.0.12-gcc-9.3.0-ntfdgbk/lib/libnuma.so.1.0.0
2b6a21171000-2b6a21370000 ---p 0000a000 00:2b 13571255                   /apps/spack/bell/apps/numactl/2.0.12-gcc-9.3.0-ntfdgbk/lib/libnuma.so.1.0.0
2b6a21370000-2b6a21371000 r-xp 00009000 00:2b 13571255                   /apps/spack/bell/apps/numactl/2.0.12-gcc-9.3.0-ntfdgbk/lib/libnuma.so.1.0.0
2b6a21371000-2b6a21372000 rwxp 0000a000 00:2b 13571255                   /apps/spack/bell/apps/numactl/2.0.12-gcc-9.3.0-ntfdgbk/lib/libnuma.so.1.0.0
2b6a21372000-2b6a2137a000 r-xp 00000000 00:2b 8601625                    /apps/spack/bell/apps/libpciaccess/0.13.5-gcc-9.3.0-fx3zuof/lib/libpciaccess.so.0.11.1
2b6a2137a000-2b6a21579000 ---p 00008000 00:2b 8601625                    /apps/spack/bell/apps/libpciaccess/0.13.5-gcc-9.3.0-fx3zuof/lib/libpciaccess.so.0.11.1
2b6a21579000-2b6a2157a000 r-xp 00007000 00:2b 8601625                    /apps/spack/bell/apps/libpciaccess/0.13.5-gcc-9.3.0-fx3zuof/lib/libpciaccess.so.0.11.1
2b6a2157a000-2b6a2157b000 rwxp 00008000 00:2b 8601625                    /apps/spack/bell/apps/libpciaccess/0.13.5-gcc-9.3.0-fx3zuof/lib/libpciaccess.so.0.11.1
2b6a2157b000-2b6a216dc000 r-xp 00000000 00:2b 8953443                    /apps/spack/bell/apps/libxml2/2.9.9-gcc-9.3.0-rs7m7df/lib/libxml2.so.2.9.9
2b6a216dc000-2b6a218dc000 ---p 00161000 00:2b 8953443                    /apps/spack/bell/apps/libxml2/2.9.9-gcc-9.3.0-rs7m7df/lib/libxml2.so.2.9.9
2b6a218dc000-2b6a218e4000 r-xp 00161000 00:2b 8953443                    /apps/spack/bell/apps/libxml2/2.9.9-gcc-9.3.0-rs7m7df/lib/libxml2.so.2.9.9
2b6a218e4000-2b6a218e6000 rwxp 00169000 00:2b 8953443                    /apps/spack/bell/apps/libxml2/2.9.9-gcc-9.3.0-rs7m7df/lib/libxml2.so.2.9.9
2b6a218e6000-2b6a218e7000 rwxp 00000000 00:00 0 
2b6a218e7000-2b6a218e9000 r-xp 00000000 00:24 73378                      /usr/lib64/libdl-2.17.so
2b6a218e9000-2b6a21ae9000 ---p 00002000 00:24 73378                      /usr/lib64/libdl-2.17.so
2b6a21ae9000-2b6a21aea000 r-xp 00002000 00:24 73378                      /usr/lib64/libdl-2.17.so
2b6a21aea000-2b6a21aeb000 rwxp 00003000 00:24 73378                      /usr/lib64/libdl-2.17.so
2b6a21aeb000-2b6a21b01000 r-xp 00000000 00:2b 17946471                   /apps/spack/bell/apps/zlib/1.2.11-gcc-9.3.0-7x3gabj/lib/libz.so.1.2.11
2b6a21b01000-2b6a21d00000 ---p 00016000 00:2b 17946471                   /apps/spack/bell/apps/zlib/1.2.11-gcc-9.3.0-7x3gabj/lib/libz.so.1.2.11
2b6a21d00000-2b6a21d01000 r-xp 00015000 00:2b 17946471                   /apps/spack/bell/apps/zlib/1.2.11-gcc-9.3.0-7x3gabj/lib/libz.so.1.2.11
2b6a21d01000-2b6a21d02000 rwxp 00016000 00:2b 17946471                   /apps/spack/bell/apps/zlib/1.2.11-gcc-9.3.0-7x3gabj/lib/libz.so.1.2.11
2b6a21d02000-2b6a21d27000 r-xp 00000000 00:2b 17939099                   /apps/spack/bell/apps/xz/5.2.4-gcc-9.3.0-fn5x6sr/lib/liblzma.so.5.2.4
2b6a21d27000-2b6a21f27000 ---p 00025000 00:2b 17939099                   /apps/spack/bell/apps/xz/5.2.4-gcc-9.3.0-fn5x6sr/lib/liblzma.so.5.2.4
2b6a21f27000-2b6a21f28000 r-xp 00025000 00:2b 17939099                   /apps/spack/bell/apps/xz/5.2.4-gcc-9.3.0-fn5x6sr/lib/liblzma.so.5.2.4
2b6a21f28000-2b6a21f29000 rwxp 00026000 00:2b 17939099                   /apps/spack/bell/apps/xz/5.2.4-gcc-9.3.0-fn5x6sr/lib/liblzma.so.5.2.4
2b6a21f29000-2b6a22024000 r-xp 00000000 00:2b 8586489                    /apps/spack/bell/apps/libiconv/1.16-gcc-9.3.0-fdtour2/lib/libiconv.so.2.6.1
2b6a22024000-2b6a22224000 ---p 000fb000 00:2b 8586489                    /apps/spack/bell/apps/libiconv/1.16-gcc-9.3.0-fdtour2/lib/libiconv.so.2.6.1
2b6a22224000-2b6a22226000 r-xp 000fb000 00:2b 8586489                    /apps/spack/bell/apps/libiconv/1.16-gcc-9.3.0-fdtour2/lib/libiconv.so.2.6.1
2b6a22226000-2b6a22227000 rwxp 000fd000 00:2b 8586489                    /apps/spack/bell/apps/libiconv/1.16-gcc-9.3.0-fdtour2/lib/libiconv.so.2.6.1
2b6a22227000-2b6a22328000 r-xp 00000000 00:24 73382                      /usr/lib64/libm-2.17.so
2b6a22328000-2b6a22527000 ---p 00101000 00:24 73382                      /usr/lib64/libm-2.17.so
2b6a22527000-2b6a22528000 r-xp 00100000 00:24 73382                      /usr/lib64/libm-2.17.so
2b6a22528000-2b6a22529000 rwxp 00101000 00:24 73382                      /usr/lib64/libm-2.17.so
2b6a22529000-2b6a22565000 r-xp 00000000 00:24 78566                      /usr/lib64/libreadline.so.6.2
2b6a22565000-2b6a22765000 ---p 0003c000 00:24 78566                      /usr/lib64/libreadline.so.6.2
2b6a22765000-2b6a22767000 r-xp 0003c000 00:24 78566                      /usr/lib64/libreadline.so.6.2
2b6a22767000-2b6a2276d000 rwxp 0003e000 00:24 78566                      /usr/lib64/libreadline.so.6.2
2b6a2276d000-2b6a2276f000 rwxp 00000000 00:00 0 
2b6a2276f000-2b6a22772000 r-xp 00000000 00:24 78618                      /usr/lib64/libkeyutils.so.1.5
2b6a22772000-2b6a22971000 ---p 00003000 00:24 78618                      /usr/lib64/libkeyutils.so.1.5
2b6a22971000-2b6a22972000 r-xp 00002000 00:24 78618                      /usr/lib64/libkeyutils.so.1.5
2b6a22972000-2b6a22973000 rwxp 00003000 00:24 78618                      /usr/lib64/libkeyutils.so.1.5
2b6a22973000-2b6a2298a000 r-xp 00000000 00:2b 6737939                    /apps/spack/bell/apps/gcc/9.3.0-gcc-4.8.5-z2ug7z7/lib64/libgcc_s.so.1
2b6a2298a000-2b6a22b89000 ---p 00017000 00:2b 6737939                    /apps/spack/bell/apps/gcc/9.3.0-gcc-4.8.5-z2ug7z7/lib64/libgcc_s.so.1
2b6a22b89000-2b6a22b8a000 r-xp 00016000 00:2b 6737939                    /apps/spack/bell/apps/gcc/9.3.0-gcc-4.8.5-z2ug7z7/lib64/libgcc_s.so.1
2b6a22b8a000-2b6a22b8b000 rwxp 00017000 00:2b 6737939                    /apps/spack/bell/apps/gcc/9.3.0-gcc-4.8.5-z2ug7z7/lib64/libgcc_s.so.1
2b6a22b8b000-2b6a22ba1000 r-xp 00000000 00:24 73553                      /usr/lib64/libresolv-2.17.so
2b6a22ba1000-2b6a22da1000 ---p 00016000 00:24 73553                      /usr/lib64/libresolv-2.17.so
2b6a22da1000-2b6a22da2000 r-xp 00016000 00:24 73553                      /usr/lib64/libresolv-2.17.so
2b6a22da2000-2b6a22da3000 rwxp 00017000 00:24 73553                      /usr/lib64/libresolv-2.17.so
2b6a22da3000-2b6a22da5000 rwxp 00000000 00:00 0 
2b6a22da5000-2b6a22f95000 r-xp 00000000 00:24 88370                      /usr/lib64/slurm/libslurmfull.so
2b6a22f95000-2b6a23195000 ---p 001f0000 00:24 88370                      /usr/lib64/slurm/libslurmfull.so
2b6a23195000-2b6a23197000 r-xp 001f0000 00:24 88370                      /usr/lib64/slurm/libslurmfull.so
2b6a23197000-2b6a231a2000 rwxp 001f2000 00:24 88370                      /usr/lib64/slurm/libslurmfull.so
2b6a231a2000-2b6a231a8000 rwxp 00000000 00:00 0 
2b6a231a8000-2b6a231cd000 r-xp 00000000 00:24 78414                      /usr/lib64/libtinfo.so.5.9
2b6a231cd000-2b6a233cd000 ---p 00025000 00:24 78414                      /usr/lib64/libtinfo.so.5.9
2b6a233cd000-2b6a233d1000 r-xp 00025000 00:24 78414                      /usr/lib64/libtinfo.so.5.9
2b6a233d1000-2b6a233d2000 rwxp 00029000 00:24 78414                      /usr/lib64/libtinfo.so.5.9
2b6a233d2000-2b6a233d3000 ---p 00000000 00:00 0 
2b6a233d3000-2b6a235d3000 rwxp 00000000 00:00 0 
2b6a235d3000-2b6a235de000 r-xp 00000000 00:24 82529                      /usr/lib64/libmlx4.so.1.0.28.0
2b6a235de000-2b6a237dd000 ---p 0000b000 00:24 82529                      /usr/lib64/libmlx4.so.1.0.28.0
2b6a237dd000-2b6a237de000 r-xp 0000a000 00:24 82529                      /usr/lib64/libmlx4.so.1.0.28.0
2b6a237de000-2b6a237df000 rwxp 0000b000 00:24 82529                      /usr/lib64/libmlx4.so.1.0.28.0
2b6a237df000-2b6a23827000 r-xp 00000000 00:24 84389                      /usr/lib64/libmlx5.so.1.12.28.0
2b6a23827000-2b6a23a27000 ---p 00048000 00:24 84389                      /usr/lib64/libmlx5.so.1.12.28.0
2b6a23a27000-2b6a23a28000 r-xp 00048000 00:24 84389                      /usr/lib64/libmlx5.so.1.12.28.0
2b6a23a28000-2b6a23a29000 rwxp 00049000 00:24 84389                      /usr/lib64/libmlx5.so.1.12.28.0
2b6a23a29000-2b6a23a2b000 rwxp 00000000 00:00 0 
2b6a23a2b000-2b6a23a2f000 r-xp 00000000 00:24 82498                      /usr/lib64/libibverbs/librxe-rdmav25.so
2b6a23a2f000-2b6a23c2e000 ---p 00004000 00:24 82498                      /usr/lib64/libibverbs/librxe-rdmav25.so
2b6a23c2e000-2b6a23c2f000 r-xp 00003000 00:24 82498                      /usr/lib64/libibverbs/librxe-rdmav25.so
2b6a23c2f000-2b6a23c30000 rwxp 00004000 00:24 82498                      /usr/lib64/libibverbs/librxe-rdmav25.so
2b6a23c30000-2b6a23c31000 rwxp 00000000 00:00 0 
2b6a23c31000-2b6a23e31000 rwxp 00000000 00:00 0 
2b6a23e31000-2b6a23e32000 rwxp 00000000 00:00 0 
2b6a23e32000-2b6a23f39000 rwxs 00000000 00:13 2052495947                 /dev/shm/ucx_shm_posix_3554df8b (deleted)
2b6a23f39000-2b6a23f3a000 rwxp 00000000 00:00 0 
2b6a23f3a000-2b6a23fba000 rwxp 00000000 00:00 0 
2b6a23fba000-2b6a23fbc000 rwxp 00000000 00:00 0 
2b6a23fbc000-2b6a23ffc000 rwxp 00000000 00:00 0 
2b6a23ffc000-2b6a23ffd000 rwxp 00000000 00:00 0 
2b6a24000000-2b6a24021000 rwxp 00000000 00:00 0 
2b6a24021000-2b6a28000000 ---p 00000000 00:00 0 
2b6a28000000-2b6a28001000 rwxp 00000000 00:00 0 
2b6a28001000-2b6a28201000 rwxp 00000000 00:00 0 
2b6a28201000-2b6a28203000 rwxp 00000000 00:00 0 
2b6a28203000-2b6a28603000 rwxp 00000000 00:00 0 
2b6a28603000-2b6a28604000 rwxp 00000000 00:00 0 
2b6a28604000-2b6a2865f000 r-xp 00000000 00:24 73616                      /usr/lib64/ucx/libuct_ib.so.0.0.0
2b6a2865f000-2b6a2885f000 ---p 0005b000 00:24 73616                      /usr/lib64/ucx/libuct_ib.so.0.0.0
2b6a2885f000-2b6a28860000 r-xp 0005b000 00:24 73616                      /usr/lib64/ucx/libuct_ib.so.0.0.0
2b6a28860000-2b6a28865000 rwxp 0005c000 00:24 73616                      /usr/lib64/ucx/libuct_ib.so.0.0.0
2b6a28865000-2b6a28870000 r-xp 00000000 00:24 73618                      /usr/lib64/ucx/libuct_rdmacm.so.0.0.0
2b6a28870000-2b6a28a6f000 ---p 0000b000 00:24 73618                      /usr/lib64/ucx/libuct_rdmacm.so.0.0.0
2b6a28a6f000-2b6a28a70000 r-xp 0000a000 00:24 73618                      /usr/lib64/ucx/libuct_rdmacm.so.0.0.0
2b6a28a70000-2b6a28a71000 rwxp 0000b000 00:24 73618                      /usr/lib64/ucx/libuct_rdmacm.so.0.0.0
2b6a28a71000-2b6a28a74000 r-xp 00000000 00:24 73614                      /usr/lib64/ucx/libuct_cma.so.0.0.0
2b6a28a74000-2b6a28c74000 ---p 00003000 00:24 73614                      /usr/lib64/ucx/libuct_cma.so.0.0.0
2b6a28c74000-2b6a28c75000 r-xp 00003000 00:24 73614                      /usr/lib64/ucx/libuct_cma.so.0.0.0
2b6a28c75000-2b6a28c76000 rwxp 00004000 00:24 73614                      /usr/lib64/ucx/libuct_cma.so.0.0.0
2b6a28c76000-2b6a28c7a000 r-xp 00000000 00:24 73620                      /usr/lib64/ucx/libuct_knem.so.0.0.0
2b6a28c7a000-2b6a28e79000 ---p 00004000 00:24 73620                      /usr/lib64/ucx/libuct_knem.so.0.0.0
2b6a28e79000-2b6a28e7a000 r-xp 00003000 00:24 73620                      /usr/lib64/ucx/libuct_knem.so.0.0.0
2b6a28e7a000-2b6a28e7b000 rwxp 00004000 00:24 73620                      /usr/lib64/ucx/libuct_knem.so.0.0.0
2b6a28e7b000-2b6a28f82000 rwxs 00000000 00:01 88178710                   /SYSV00000000 (deleted)
2b6a28f82000-2b6a28fac000 rwxp 00000000 00:00 0 
2b6a28fac000-2b6a28fec000 rwxp 00000000 00:00 0 
2b6a28fec000-2b6a28fee000 rwxp 00000000 00:00 0 
2b6a28fee000-2b6a290ee000 rwxp 00000000 00:00 0 
2b6a290ee000-2b6a290f0000 rwxp 00000000 00:00 0 
2b6a290f0000-2b6a29170000 rwxp 00000000 00:00 0 
2b6a29170000-2b6a2919b000 rwxp 00000000 00:00 0 
2b6a2919b000-2b6a291db000 rwxp 00000000 00:00 0 
2b6a291db000-2b6a291dd000 rwxp 00000000 00:00 0 
2b6a291dd000-2b6a292dd000 rwxp 00000000 00:00 0 
2b6a292dd000-2b6a292df000 rwxp 00000000 00:00 0 
2b6a292df000-2b6a2935f000 rwxp 00000000 00:00 0 
2b6a2935f000-2b6a2938a000 rwxp 00000000 00:00 0 
2b6a2938a000-2b6a293ca000 rwxp 00000000 00:00 0 
2b6a293ca000-2b6a29400000 rwxp 00000000 00:00 0 
2b6a29400000-2b6a2ba00000 rwxp 00000000 00:00 0 
2b6a2ba00000-2b6a2bbcd000 rwxp 00000000 00:00 0 
2b6a2bbcd000-2b6a2bc4d000 rwxp 00000000 00:00 0 
2b6a2bc4d000-2b6a2bc4f000 rwxp 00000000 00:00 0 
2b6a2bc4f000-2b6a2bc6f000 rwxp 00000000 00:00 0 
2b6a2bc6f000-2b6a2bc70000 rwxp 00000000 00:00 0 
2b6a2bc70000-2b6a2bcf5000 rwxp 00000000 00:00 0 
2b6a2bcf5000-2b6a2bcf6000 ---p 00000000 00:00 0 
2b6a2bcf6000-2b6a2bef7000 rwxp 00000000 00:00 0 
2b6a2bef7000-2b6a2bf77000 rwxp 00000000 00:00 0 
2b6a2bf77000-2b6a2bf79000 rwxp 00000000 00:00 0 
2b6a2bf79000-2b6a2bf99000 rwxp 00000000 00:00 0 
2b6a2bf99000-2b6a2bf9a000 rwxp 00000000 00:00 0 
2b6a2bf9a000-2b6a2c01f000 rwxp 00000000 00:00 0 
7ffd2aa9a000-7ffd2aabf000 rwxp 00000000 00:00 0                          [stack]
7ffd2abfe000-7ffd2ac00000 r-xp 00000000 00:00 0                          [vdso]
ffffffffff600000-ffffffffff601000 r-xp 00000000 00:00 0                  [vsyscall]
[bell-a016:79318] *** Process received signal ***
[bell-a016:79318] Signal: Aborted (6)
[bell-a016:79318] Signal code:  (-6)
[bell-a016:79318] [ 0] /lib64/libpthread.so.0(+0xf630)[0x2b6a1e1a6630]
[bell-a016:79318] [ 1] /lib64/libc.so.6(gsignal+0x37)[0x2b6a1e3e9387]
[bell-a016:79318] [ 2] /lib64/libc.so.6(abort+0x148)[0x2b6a1e3eaa78]
[bell-a016:79318] [ 3] /lib64/libc.so.6(+0x78ed7)[0x2b6a1e42bed7]
[bell-a016:79318] [ 4] /lib64/libc.so.6(+0x7f3e4)[0x2b6a1e4323e4]
[bell-a016:79318] [ 5] /usr/lib64/slurm/libslurmfull.so(slurm_xfree+0x1d)[0x2b6a22f28fc8]
[bell-a016:79318] [ 6] /usr/lib64/slurm/libslurmfull.so(slurm_s_p_hashtbl_destroy+0x1c0)[0x2b6a22e6c3e1]
[bell-a016:79318] [ 7] /usr/lib64/slurm/libslurmfull.so(+0xd56fd)[0x2b6a22e7a6fd]
[bell-a016:79318] [ 8] /usr/lib64/slurm/libslurmfull.so(+0xc7d57)[0x2b6a22e6cd57]
[bell-a016:79318] [ 9] /usr/lib64/slurm/libslurmfull.so(+0xc80fa)[0x2b6a22e6d0fa]
[bell-a016:79318] [10] /usr/lib64/slurm/libslurmfull.so(s_p_parse_file+0x768)[0x2b6a22e6e4bc]
[bell-a016:79318] [11] /usr/lib64/slurm/libslurmfull.so(+0xda21b)[0x2b6a22e7f21b]
[bell-a016:79318] [12] /usr/lib64/slurm/libslurmfull.so(slurm_conf_lock+0x5a)[0x2b6a22e85027]
[bell-a016:79318] [13] /usr/lib64/slurm/libslurmfull.so(slurm_get_tcp_timeout+0x1e)[0x2b6a22ea53e2]
[bell-a016:79318] [14] /usr/lib64/slurm/libslurmfull.so(slurm_open_stream+0x27f)[0x2b6a22ee0b80]
[bell-a016:79318] [15] /usr/lib64/slurm/libslurmfull.so(slurm_open_msg_conn+0xb)[0x2b6a22ea7046]
[bell-a016:79318] [16] /usr/lib64/slurm/libslurmfull.so(slurm_send_recv_rc_msg_only_one+0x55)[0x2b6a22ea9b06]
[bell-a016:79318] [17] /usr/lib64/slurm/libslurmfull.so(slurm_send_kvs_comm_set+0x156)[0x2b6a22e01970]
[bell-a016:79318] [18] /lib64/libpmi.so.0(PMI_KVS_Commit+0x2ea)[0x2b6a20489cd9]
[bell-a016:79318] [19] /apps/spack/bell/apps/openmpi/3.1.4-gcc-9.3.0-ic7fdqi/lib/libopen-pal.so.40(+0xee539)[0x2b6a1fad0539]
[bell-a016:79318] [20] /apps/spack/bell/apps/openmpi/3.1.4-gcc-9.3.0-ic7fdqi/lib/libmpi.so.40(ompi_mpi_init+0x70e)[0x2b6a1dd814de]
[bell-a016:79318] [21] /apps/spack/bell/apps/openmpi/3.1.4-gcc-9.3.0-ic7fdqi/lib/libmpi.so.40(PMPI_Init+0x5f)[0x2b6a1ddb088f]
[bell-a016:79318] [22] /home/sferdou/Multi-RandGreedi/job_submission/../build/apps/mpi_hello(main+0x31)[0x400a63]
[bell-a016:79318] [23] /lib64/libc.so.6(__libc_start_main+0xf5)[0x2b6a1e3d5555]
[bell-a016:79318] [24] /home/sferdou/Multi-RandGreedi/job_submission/../build/apps/mpi_hello[0x400989]
[bell-a016:79318] *** End of error message ***
srun: error: eio_message_socket_accept: slurm_receive_msg[172.18.44.66]: Zero Bytes were transmitted or received
2ab2a387f000-2ab2a3883000 r-xp 00025000 00:24 77248                      /usr/lib64/libtinfo.so.5.9
2ab2a3883000-2ab2a3884000 rwxp 00029000 00:24 77248                      /usr/lib64/libtinfo.so.5.9
2ab2a3884000-2ab2a3885000 ---p 00000000 00:00 0 
2ab2a3885000-2ab2a3a85000 rwxp 00000000 00:00 0 
2ab2a3a85000-2ab2a3a90000 r-xp 00000000 00:24 84360                      /usr/lib64/libmlx4.so.1.0.28.0
2ab2a3a90000-2ab2a3c8f000 ---p 0000b000 00:24 84360                      /usr/lib64/libmlx4.so.1.0.28.0
2ab2a3c8f000-2ab2a3c90000 r-xp 0000a000 00:24 84360                      /usr/lib64/libmlx4.so.1.0.28.0
2ab2a3c90000-2ab2a3c91000 rwxp 0000b000 00:24 84360                      /usr/lib64/libmlx4.so.1.0.28.0
2ab2a3c91000-2ab2a3cd9000 r-xp 00000000 00:24 82549                      /usr/lib64/libmlx5.so.1.12.28.0
2ab2a3cd9000-2ab2a3ed9000 ---p 00048000 00:24 82549                      /usr/lib64/libmlx5.so.1.12.28.0
2ab2a3ed9000-2ab2a3eda000 r-xp 00048000 00:24 82549                      /usr/lib64/libmlx5.so.1.12.28.0
2ab2a3eda000-2ab2a3edb000 rwxp 00049000 00:24 82549                      /usr/lib64/libmlx5.so.1.12.28.0
2ab2a3edb000-2ab2a3edd000 rwxp 00000000 00:00 0 
2ab2a3edd000-2ab2a3fe4000 rwxs 00000000 00:13 130435776                  /dev/shm/ucx_shm_posix_1e8a1464 (deleted)
2ab2a4000000-2ab2a4021000 rwxp 00000000 00:00 0 
2ab2a4021000-2ab2a8000000 ---p 00000000 00:00 0 
2ab2a8000000-2ab2a8001000 rwxp 00000000 00:00 0 
2ab2a8001000-2ab2a8201000 rwxp 00000000 00:00 0 
2ab2a8201000-2ab2a8203000 rwxp 00000000 00:00 0 
2ab2a8203000-2ab2a8403000 rwxp 00000000 00:00 0 
2ab2a8403000-2ab2a8405000 rwxp 00000000 00:00 0 
2ab2a8405000-2ab2a8805000 rwxp 00000000 00:00 0 
2ab2a8805000-2ab2a8806000 rwxp 00000000 00:00 0 
2ab2a8806000-2ab2a8861000 r-xp 00000000 00:24 77446                      /usr/lib64/ucx/libuct_ib.so.0.0.0
2ab2a8861000-2ab2a8a61000 ---p 0005b000 00:24 77446                      /usr/lib64/ucx/libuct_ib.so.0.0.0
2ab2a8a61000-2ab2a8a62000 r-xp 0005b000 00:24 77446                      /usr/lib64/ucx/libuct_ib.so.0.0.0
2ab2a8a62000-2ab2a8a67000 rwxp 0005c000 00:24 77446                      /usr/lib64/ucx/libuct_ib.so.0.0.0
2ab2a8a67000-2ab2a8a72000 r-xp 00000000 00:24 77448                      /usr/lib64/ucx/libuct_rdmacm.so.0.0.0
2ab2a8a72000-2ab2a8c71000 ---p 0000b000 00:24 77448                      /usr/lib64/ucx/libuct_rdmacm.so.0.0.0
2ab2a8c71000-2ab2a8c72000 r-xp 0000a000 00:24 77448                      /usr/lib64/ucx/libuct_rdmacm.so.0.0.0
2ab2a8c72000-2ab2a8c73000 rwxp 0000b000 00:24 77448                      /usr/lib64/ucx/libuct_rdmacm.so.0.0.0
2ab2a8c73000-2ab2a8c76000 r-xp 00000000 00:24 77444                      /usr/lib64/ucx/libuct_cma.so.0.0.0
2ab2a8c76000-2ab2a8e76000 ---p 00003000 00:24 77444                      /usr/lib64/ucx/libuct_cma.so.0.0.0
2ab2a8e76000-2ab2a8e77000 r-xp 00003000 00:24 77444                      /usr/lib64/ucx/libuct_cma.so.0.0.0
2ab2a8e77000-2ab2a8e78000 rwxp 00004000 00:24 77444                      /usr/lib64/ucx/libuct_cma.so.0.0.0
2ab2a8e78000-2ab2a8e7c000 r-xp 00000000 00:24 77450                      /usr/lib64/ucx/libuct_knem.so.0.0.0
2ab2a8e7c000-2ab2a907b000 ---p 00004000 00:24 77450                      /usr/lib64/ucx/libuct_knem.so.0.0.0
2ab2a907b000-2ab2a907c000 r-xp 00003000 00:24 77450                      /usr/lib64/ucx/libuct_knem.so.0.0.0
2ab2a907c000-2ab2a907d000 rwxp 00004000 00:24 77450                      /usr/lib64/ucx/libuct_knem.so.0.0.0
2ab2a907d000-2ab2a9184000 rwxs 00000000 00:01 12091419                   /SYSV00000000 (deleted)
2ab2a9184000-2ab2a9185000 rwxp 00000000 00:00 0 
2ab2a9185000-2ab2a9205000 rwxp 00000000 00:00 0 
2ab2a9205000-2ab2a9207000 rwxp 00000000 00:00 0 
2ab2a9207000-2ab2a9247000 rwxp 00000000 00:00 0 
2ab2a9247000-2ab2a9272000 rwxp 00000000 00:00 0 
2ab2a9272000-2ab2a92b2000 rwxp 00000000 00:00 0 
2ab2a92b2000-2ab2a92b4000 rwxp 00000000 00:00 0 
2ab2a92b4000-2ab2a93b4000 rwxp 00000000 00:00 0 
2ab2a93b4000-2ab2a93b6000 rwxp 00000000 00:00 0 
2ab2a93b6000-2ab2a9436000 rwxp 00000000 00:00 0 
2ab2a9436000-2ab2a9461000 rwxp 00000000 00:00 0 
2ab2a9461000-2ab2a94a1000 rwxp 00000000 00:00 0 
2ab2a94a1000-2ab2a94a3000 rwxp 00000000 00:00 0 
2ab2a94a3000-2ab2a95a3000 rwxp 00000000 00:00 0 
2ab2a95a3000-2ab2a95a5000 rwxp 00000000 00:00 0 
2ab2a95a5000-2ab2a9625000 rwxp 00000000 00:00 0 
2ab2a9625000-2ab2a9650000 rwxp 00000000 00:00 0 
2ab2a9650000-2ab2a9690000 rwxp 00000000 00:00 0 
2ab2a9690000-2ab2a9692000 rwxp 00000000 00:00 0 
2ab2a9692000-2ab2a9712000 rwxp 00000000 00:00 0 
2ab2a9712000-2ab2a9714000 rwxp 00000000 00:00 0 
2ab2a9714000-2ab2a9734000 rwxp 00000000 00:00 0 
2ab2a9734000-2ab2a9735000 rwxp 00000000 00:00 0 
2ab2a9735000-2ab2a97ba000 rwxp 00000000 00:00 0 
2ab2a97ba000-2ab2a97bb000 ---p 00000000 00:00 0 
2ab2a97bb000-2ab2a99bc000 rwxp 00000000 00:00 0 
2ab2a99bc000-2ab2a9a3c000 rwxp 00000000 00:00 0 
2ab2a9a3c000-2ab2a9a3e000 rwxp 00000000 00:00 0 
2ab2a9a3e000-2ab2a9a5e000 rwxp 00000000 00:00 0 
2ab2a9a5e000-2ab2a9a5f000 rwxp 00000000 00:00 0 
2ab2a9a5f000-2ab2a9ae4000 rwxp 00000000 00:00 0 
2ab2aba85000-2ab2aba89000 r-xp 00000000 00:24 84264                      /usr/lib64/libibverbs/librxe-rdmav25.so
2ab2aba89000-2ab2abc88000 ---p 00004000 00:24 84264                      /usr/lib64/libibverbs/librxe-rdmav25.so
2ab2abc88000-2ab2abc89000 r-xp 00003000 00:24 84264                      /usr/lib64/libibverbs/librxe-rdmav25.so
2ab2abc89000-2ab2abc8a000 rwxp 00004000 00:24 84264                      /usr/lib64/libibverbs/librxe-rdmav25.so
2ab2abc8a000-2ab2abe00000 rwxp 00000000 00:00 0 
2ab2abe00000-2ab2ae400000 rwxp 00000000 00:00 0 
2ab2ae400000-2ab2ae48b000 rwxp 00000000 00:00 0 
2ab2b0000000-2ab2b0021000 rwxp 00000000 00:00 0 
2ab2b0021000-2ab2b4000000 ---p 00000000 00:00 0 
7ffc84e43000-7ffc84e68000 rwxp 00000000 00:00 0                          [stack]
7ffc84fcb000-7ffc84fcd000 r-xp 00000000 00:00 0                          [vdso]
ffffffffff600000-ffffffffff601000 r-xp 00000000 00:00 0                  [vsyscall]
[bell-a015:67908] *** Process received signal ***
[bell-a015:67908] Signal: Aborted (6)
[bell-a015:67908] Signal code:  (-6)
[bell-a015:67908] [ 0] /lib64/libpthread.so.0(+0xf630)[0x2ab29e658630]
[bell-a015:67908] [ 1] /lib64/libc.so.6(gsignal+0x37)[0x2ab29e89b387]
[bell-a015:67908] [ 2] /lib64/libc.so.6(abort+0x148)[0x2ab29e89ca78]
[bell-a015:67908] [ 3] /lib64/libc.so.6(+0x78ed7)[0x2ab29e8dded7]
[bell-a015:67908] [ 4] /lib64/libc.so.6(+0x81299)[0x2ab29e8e6299]
[bell-a015:67908] [ 5] /usr/lib64/slurm/libslurmfull.so(slurm_xfree+0x1d)[0x2ab2a33dafc8]
[bell-a015:67908] [ 6] /usr/lib64/slurm/libslurmfull.so(slurm_s_p_hashtbl_destroy+0x1c0)[0x2ab2a331e3e1]
[bell-a015:67908] [ 7] /usr/lib64/slurm/libslurmfull.so(+0xd56fd)[0x2ab2a332c6fd]
[bell-a015:67908] [ 8] /usr/lib64/slurm/libslurmfull.so(+0xc7d57)[0x2ab2a331ed57]
[bell-a015:67908] [ 9] /usr/lib64/slurm/libslurmfull.so(+0xc80fa)[0x2ab2a331f0fa]
[bell-a015:67908] [10] /usr/lib64/slurm/libslurmfull.so(s_p_parse_file+0x768)[0x2ab2a33204bc]
[bell-a015:67908] [11] /usr/lib64/slurm/libslurmfull.so(+0xda21b)[0x2ab2a333121b]
[bell-a015:67908] [12] /usr/lib64/slurm/libslurmfull.so(slurm_conf_lock+0x5a)[0x2ab2a3337027]
[bell-a015:67908] [13] /usr/lib64/slurm/libslurmfull.so(slurm_get_tcp_timeout+0x1e)[0x2ab2a33573e2]
[bell-a015:67908] [14] /usr/lib64/slurm/libslurmfull.so(slurm_open_stream+0x27f)[0x2ab2a3392b80]
[bell-a015:67908] [15] /usr/lib64/slurm/libslurmfull.so(slurm_open_msg_conn+0xb)[0x2ab2a3359046]
[bell-a015:67908] [16] /usr/lib64/slurm/libslurmfull.so(slurm_send_recv_rc_msg_only_one+0x55)[0x2ab2a335bb06]
[bell-a015:67908] [17] /usr/lib64/slurm/libslurmfull.so(slurm_send_kvs_comm_set+0x156)[0x2ab2a32b3970]
[bell-a015:67908] [18] /lib64/libpmi.so.0(PMI_KVS_Commit+0x2ea)[0x2ab2a093bcd9]
[bell-a015:67908] [19] /apps/spack/bell/apps/openmpi/3.1.4-gcc-9.3.0-ic7fdqi/lib/libopen-pal.so.40(+0xee539)[0x2ab29ff82539]
[bell-a015:67908] [20] /apps/spack/bell/apps/openmpi/3.1.4-gcc-9.3.0-ic7fdqi/lib/libmpi.so.40(ompi_mpi_init+0x70e)[0x2ab29e2334de]
[bell-a015:67908] [21] /apps/spack/bell/apps/openmpi/3.1.4-gcc-9.3.0-ic7fdqi/lib/libmpi.so.40(PMPI_Init+0x5f)[0x2ab29e26288f]
[bell-a015:67908] [22] /home/sferdou/Multi-RandGreedi/job_submission/../build/apps/mpi_hello(main+0x31)[0x400a63]
[bell-a015:67908] [23] /lib64/libc.so.6(__libc_start_main+0xf5)[0x2ab29e887555]
[bell-a015:67908] [24] /home/sferdou/Multi-RandGreedi/job_submission/../build/apps/mpi_hello[0x400989]
[bell-a015:67908] *** End of error message ***
srun: error: bell-a015: task 0: Aborted
srun: error: bell-a016: task 1: Aborted
